20:26:01  GET /version.json HTTP/1.1  [other]
20:33:02  GET / HTTP/1.1  [other]
20:33:02  GET /style.css HTTP/1.1  [other]
20:33:02  GET /config.js HTTP/1.1  [other]
20:33:02  GET /geo.js HTTP/1.1  [other]
20:33:02  GET /app.js HTTP/1.1  [other]
20:33:03  GET /version.json HTTP/1.1  [other]
20:33:03  GET /icon.svg HTTP/1.1  [other]
20:33:07  GET /version.json?1788805987128 HTTP/1.1  [other]
20:34:59  GET / HTTP/1.1  [other]
20:34:59  GET /style.css HTTP/1.1  [other]
20:34:59  GET /config.js HTTP/1.1  [other]
20:34:59  GET /geo.js HTTP/1.1  [other]
20:34:59  GET /app.js HTTP/1.1  [other]
20:35:00  GET /version.json HTTP/1.1  [other]
20:35:00  GET /favicon.ico HTTP/1.1  [other]
20:35:04  GET /geo.js?1788806104138 HTTP/1.1  [other]
20:35:04  GET /app.js?1788806104138 HTTP/1.1  [other]
20:35:04  GET /_tmp_test.js?1788806104138 HTTP/1.1  [other]
20:38:34  GET /sw.js?1788806313769 HTTP/1.1  [other]
20:41:25  GET / HTTP/1.1  [other]
20:41:25  GET /style.css HTTP/1.1  [other]
20:41:25  GET /config.js HTTP/1.1  [other]
20:41:25  GET /geo.js HTTP/1.1  [other]
20:41:25  GET /app.js HTTP/1.1  [other]
20:41:26  GET /version.json HTTP/1.1  [other]
20:41:26  GET /favicon.ico HTTP/1.1  [other]
20:41:57  GET /_tmp_nocdn.html HTTP/1.1  [other]
20:41:57  GET /style.css HTTP/1.1  [other]
20:41:57  GET /_tmp_does_not_exist.js HTTP/1.1  [other]
20:41:57  GET /config.js HTTP/1.1  [other]
20:41:57  GET /geo.js HTTP/1.1  [other]
20:41:57  GET /app.js HTTP/1.1  [other]
20:41:58  GET /version.json HTTP/1.1  [other]
20:41:58  GET /favicon.ico HTTP/1.1  [other]
20:42:17  GET /geo.js?1788806537316 HTTP/1.1  [other]
20:42:17  GET /app.js?1788806537316 HTTP/1.1  [other]
20:42:17  GET /_tmp_test.js?1788806537316 HTTP/1.1  [other]
20:49:52  GET /version.json HTTP/1.1  [other]
20:49:54  GET / HTTP/1.1  [other]
20:49:54  GET /style.css HTTP/1.1  [other]
20:49:54  GET /config.js HTTP/1.1  [other]
20:49:54  GET /geo.js HTTP/1.1  [other]
20:49:54  GET /app.js HTTP/1.1  [other]
20:49:54  GET /manifest.json HTTP/1.1  [other]
20:50:00  GET /version.json HTTP/1.1  [other]
20:50:00  GET /icon.svg HTTP/1.1  [other]
20:50:00  GET /icon.svg HTTP/1.1  [other]
20:50:04  GET /sw.js HTTP/1.1  [other]
20:50:04  GET / HTTP/1.1  [other]
20:50:04  GET /index.html HTTP/1.1  [other]
20:50:04  GET /style.css HTTP/1.1  [other]
20:50:04  GET /config.js HTTP/1.1  [other]
20:50:04  GET /geo.js HTTP/1.1  [other]
20:50:04  GET /app.js HTTP/1.1  [other]
20:50:04  GET /manifest.json HTTP/1.1  [other]
20:50:04  GET /icon.svg HTTP/1.1  [other]
20:50:05  GET /icon-180.png HTTP/1.1  [other]
20:50:05  GET /icon-512.png HTTP/1.1  [other]
20:50:05  GET /icon-maskable-512.png HTTP/1.1  [other]
20:50:17  GET /version.json HTTP/1.1  [other]
20:50:19  GET / HTTP/1.1  [other]
20:50:19  GET /style.css HTTP/1.1  [other]
20:50:19  GET /config.js HTTP/1.1  [other]
20:50:19  GET /geo.js HTTP/1.1  [other]
20:50:19  GET /app.js HTTP/1.1  [other]
20:50:19  GET /manifest.json HTTP/1.1  [other]
20:50:25  GET /version.json HTTP/1.1  [other]
20:50:25  GET /icon.svg HTTP/1.1  [other]
20:50:25  GET /icon.svg HTTP/1.1  [other]
20:50:35  GET /sw.js HTTP/1.1  [other]
20:52:24  GET / HTTP/1.1  [other]
20:52:24  GET /style.css HTTP/1.1  [other]
20:52:24  GET /config.js HTTP/1.1  [other]
20:52:24  GET /geo.js HTTP/1.1  [other]
20:52:24  GET /app.js HTTP/1.1  [other]
20:52:24  GET /version.json HTTP/1.1  [other]
20:52:24  GET /favicon.ico HTTP/1.1  [other]
20:54:04  GET / HTTP/1.1  [other]
20:54:04  GET /style.css HTTP/1.1  [other]
20:54:05  GET /config.js HTTP/1.1  [other]
20:54:05  GET /geo.js HTTP/1.1  [other]
20:54:05  GET /app.js HTTP/1.1  [other]
20:54:05  GET /version.json HTTP/1.1  [other]
20:54:05  GET /version.json HTTP/1.1  [other]
20:54:05  GET /favicon.ico HTTP/1.1  [other]
20:54:45  GET /geo.js?1788807285242 HTTP/1.1  [other]
20:54:45  GET /app.js?1788807285242 HTTP/1.1  [other]
20:54:45  GET /_tmp_test.js?1788807285242 HTTP/1.1  [other]
21:19:12  GET / HTTP/1.1  [Android]
21:19:12  GET /style.css HTTP/1.1  [Android]
21:19:12  GET /config.js HTTP/1.1  [Android]
21:19:12  GET /geo.js HTTP/1.1  [Android]
21:19:12  GET /app.js HTTP/1.1  [Android]
21:19:13  GET /version.json HTTP/1.1  [Android]
21:19:13  GET /favicon.ico HTTP/1.1  [other]
21:19:55  GET /version.json HTTP/1.1  [other]
21:19:57  GET / HTTP/1.1  [other]
21:19:57  GET /style.css HTTP/1.1  [other]
21:19:57  GET /config.js HTTP/1.1  [other]
21:19:57  GET /geo.js HTTP/1.1  [other]
21:19:57  GET /app.js HTTP/1.1  [other]
21:19:57  GET /manifest.json HTTP/1.1  [other]
21:20:03  GET /version.json HTTP/1.1  [other]
21:20:03  GET /icon.svg HTTP/1.1  [other]
21:20:03  GET /icon.svg HTTP/1.1  [other]
21:20:05  GET /sw.js HTTP/1.1  [other]
21:20:20  GET /version.json HTTP/1.1  [other]
21:20:22  GET / HTTP/1.1  [other]
21:20:22  GET /style.css HTTP/1.1  [other]
21:20:22  GET /config.js HTTP/1.1  [other]
21:20:22  GET /geo.js HTTP/1.1  [other]
21:20:22  GET /app.js HTTP/1.1  [other]
21:20:22  GET /manifest.json HTTP/1.1  [other]
21:20:28  GET /version.json HTTP/1.1  [other]
21:20:28  GET /icon.svg HTTP/1.1  [other]
21:20:28  GET /icon.svg HTTP/1.1  [other]
21:20:30  GET /sw.js HTTP/1.1  [other]
21:21:13  GET / HTTP/1.1  [other]
21:21:14  GET /style.css HTTP/1.1  [other]
21:21:14  GET /config.js HTTP/1.1  [other]
21:21:14  GET /geo.js HTTP/1.1  [other]
21:21:14  GET /app.js HTTP/1.1  [other]
21:21:14  GET /version.json HTTP/1.1  [other]
21:21:14  GET /favicon.ico HTTP/1.1  [other]
21:21:22  GET /geo.js?1788808882127 HTTP/1.1  [other]
21:21:22  GET /app.js?1788808882127 HTTP/1.1  [other]
21:21:22  GET /_tmp_test.js?1788808882127 HTTP/1.1  [other]
21:22:04  GET / HTTP/1.1  [Android]
21:22:05  GET /style.css HTTP/1.1  [Android]
21:22:05  GET /config.js HTTP/1.1  [Android]
21:22:05  GET /geo.js HTTP/1.1  [Android]
21:22:05  GET /app.js HTTP/1.1  [Android]
21:22:05  GET /version.json HTTP/1.1  [Android]
21:22:05  GET /favicon.ico HTTP/1.1  [other]
21:22:27  GET /geo.js?1788808947326 HTTP/1.1  [Android]
21:22:27  GET /app.js?1788808947326 HTTP/1.1  [Android]
21:22:27  GET /_tmp_test.js?1788808947326 HTTP/1.1  [Android]
21:25:44  GET / HTTP/1.1  [Android]
21:25:45  GET /style.css HTTP/1.1  [Android]
21:25:45  GET /config.js HTTP/1.1  [Android]
21:25:45  GET /geo.js HTTP/1.1  [Android]
21:25:45  GET /app.js HTTP/1.1  [Android]
21:25:45  GET /version.json HTTP/1.1  [Android]
21:25:45  GET /icon.svg HTTP/1.1  [other]
21:26:30  GET /geo.js?1788809189834 HTTP/1.1  [Android]
21:26:30  GET /app.js?1788809189834 HTTP/1.1  [Android]
21:26:30  GET /_tmp_test.js?1788809189834 HTTP/1.1  [Android]
